
> e-com@0.1.0 build
> react-scripts --max_old_space_size=4096 build

node.exe : (node:7332) 
[DEP0176] 
DeprecationWarning: 
fs.F_OK is deprecated, use 
fs.constants.F_OK instead
At line:1 char:1
+ & "C:\Program 
Files\nodejs/node.exe" 
"C:\Program 
Files\nodejs/node_mo ...
+ ~~~~~~~~~~~~~~~~~~~~~~~~~
~~~~~~~~~~~~~~~~~~~~~~~~~~~
~~~~~~~~~~~~~~~~~
    + CategoryInfo         
     : NotSpecified: ((no  
  de:7332) [DE...ts.F_OK   
  instead:String) [], R    
emoteException
    + FullyQualifiedErrorI 
   d : NativeCommandError
 
(Use `node 
--trace-deprecation ...` 
to show where the warning 
was created)
Creating an optimized production build...
Browserslist: caniuse-lite 
is outdated. Please run:
  npx update-browserslist-d
b@latest
  Why you should do it 
regularly: https://github.c
om/browserslist/update-db#r
eadme

[35m≡ƒî╝ daisyUI components 2.39.0[0m [0m https://github.com/saadeghi/daisyui
  [32mΓ£ö∩╕Ä Including:[0m [0m base, components, themes[1], utilities
  
Browserslist: caniuse-lite 
is outdated. Please run:
  npx update-browserslist-d
b@latest
  Why you should do it 
regularly: https://github.c
om/browserslist/update-db#r
eadme
Browserslist: caniuse-lite 
is outdated. Please run:
  npx update-browserslist-d
b@latest
  Why you should do it 
regularly: https://github.c
om/browserslist/update-db#r
eadme
Browserslist: caniuse-lite 
is outdated. Please run:
  npx update-browserslist-d
b@latest
  Why you should do it 
regularly: https://github.c
om/browserslist/update-db#r
eadme
Browserslist: caniuse-lite 
is outdated. Please run:
  npx update-browserslist-d
b@latest
  Why you should do it 
regularly: https://github.c
om/browserslist/update-db#r
eadme
Browserslist: caniuse-lite 
is outdated. Please run:
  npx update-browserslist-d
b@latest
  Why you should do it 
regularly: https://github.c
om/browserslist/update-db#r
eadme
Browserslist: caniuse-lite 
is outdated. Please run:
  npx update-browserslist-d
b@latest
  Why you should do it 
regularly: https://github.c
om/browserslist/update-db#r
eadme
Browserslist: caniuse-lite 
is outdated. Please run:
  npx update-browserslist-d
b@latest
  Why you should do it 
regularly: https://github.c
om/browserslist/update-db#r
eadme
Browserslist: caniuse-lite 
is outdated. Please run:
  npx update-browserslist-d
b@latest
  Why you should do it 
regularly: https://github.c
om/browserslist/update-db#r
eadme
Browserslist: caniuse-lite 
is outdated. Please run:
  npx update-browserslist-d
b@latest
  Why you should do it 
regularly: https://github.c
om/browserslist/update-db#r
eadme
Browserslist: caniuse-lite 
is outdated. Please run:
  npx update-browserslist-d
b@latest
  Why you should do it 
regularly: https://github.c
om/browserslist/update-db#r
eadme
Browserslist: caniuse-lite 
is outdated. Please run:
  npx update-browserslist-d
b@latest
  Why you should do it 
regularly: https://github.c
om/browserslist/update-db#r
eadme
Compiled with warnings.

[eslint] 
src\App.js
  Line 2:10:  'useState' is defined but never used                 no-unused-vars
  Line 9:7:   'Body' is assigned a value but never used            no-unused-vars
  Line 12:7:  'OurBestSellers' is assigned a value but never used  no-unused-vars
  Line 18:7:  'Cart' is assigned a value but never used            no-unused-vars

src\components\Body.js
  Line 9:10:    'Spinner' is defined but never used                                                                        no-unused-vars
  Line 18:30:   'loading' is assigned a value but never used                                                               no-unused-vars
  Line 129:39:  Array.prototype.map() expects a value to be returned at the end of arrow function                          array-callback-return
  Line 130:39:  Expected '===' and instead saw '=='                                                                        eqeqeq
  Line 167:21:  img elements must have an alt prop, either with meaningful text, or an empty string for decorative images  jsx-a11y/alt-text
  Line 168:21:  img elements must have an alt prop, either with meaningful text, or an empty string for decorative images  jsx-a11y/alt-text
  Line 183:43:  Array.prototype.map() expects a value to be returned at the end of arrow function                          array-callback-return
  Line 184:43:  Expected '===' and instead saw '=='                                                                        eqeqeq
  Line 220:39:  Array.prototype.map() expects a value to be returned at the end of arrow function                          array-callback-return
  Line 221:39:  Expected '===' and instead saw '=='                                                                        eqeqeq

src\components\BreadCrumb.js
  Line 5:5:  'BreadcrumbLink' is defined but never used       no-unused-vars
  Line 6:5:  'BreadcrumbSeparator' is defined but never used  no-unused-vars

src\components\Cart.js
  Line 5:8:    'cartgif' is defined but never used                                                                        no-unused-vars
  Line 6:8:    'qty' is defined but never used                                                                            no-unused-vars
  Line 11:8:   'YouMayAlsoLike' is defined but never used                                                                 no-unused-vars
  Line 12:8:   'SPFooter' is defined but never used                                                                       no-unused-vars
  Line 18:46:  'total' is assigned a value but never used                                                                 no-unused-vars
  Line 18:53:  'cartLength' is assigned a value but never used                                                            no-unused-vars
  Line 29:9:   'totalPrice' is assigned a value but never used                                                            no-unused-vars
  Line 63:13:  img elements must have an alt prop, either with meaningful text, or an empty string for decorative images  jsx-a11y/alt-text

src\components\CartAdditonalFeatures.js
  Line 2:8:   'better' is defined but never used          no-unused-vars
  Line 3:8:   'mastercard' is defined but never used      no-unused-vars
  Line 4:10:  'FaShippingFast' is defined but never used  no-unused-vars
  Line 5:10:  'FaLock' is defined but never used          no-unused-vars

src\components\CartHold.js
  Line 9:8:  'SPFooter' is defined but never used  no-unused-vars

src\components\CartPageFaq.js
  Line 1:17:  'useEffect' is defined but never used  no-unused-vars
  Line 1:28:  'useState' is defined but never used   no-unused-vars

src\components\CartPageFooter.js
  Line 9:21:   The href attribute is required for an anchor to be keyboard accessible. Provide a valid, navigable address as the href value. If you cannot provide an href, but still need the element to resemble a link, use a button and change it with appropriate styles. Learn more: https://github.com/jsx-eslint/eslint-plugin-jsx-a11y/blob/HEAD/docs/rules/anchor-is-valid.md  jsx-a11y/anchor-is-valid
  Line 10:21:  The href attribute is required for an anchor to be keyboard accessible. Provide a valid, navigable address as the href value. If you cannot provide an href, but still need the element to resemble a link, use a button and change it with appropriate styles. Learn more: https://github.com/jsx-eslint/eslint-plugin-jsx-a11y/blob/HEAD/docs/rules/anchor-is-valid.md  jsx-a11y/anchor-is-valid
  Line 11:21:  The href attribute is required for an anchor to be keyboard accessible. Provide a valid, navigable address as the href value. If you cannot provide an href, but still need the element to resemble a link, use a button and change it with appropriate styles. Learn more: https://github.com/jsx-eslint/eslint-plugin-jsx-a11y/blob/HEAD/docs/rules/anchor-is-valid.md  jsx-a11y/anchor-is-valid
  Line 12:21:  The href attribute is required for an anchor to be keyboard accessible. Provide a valid, navigable address as the href value. If you cannot provide an href, but still need the element to resemble a link, use a button and change it with appropriate styles. Learn more: https://github.com/jsx-eslint/eslint-plugin-jsx-a11y/blob/HEAD/docs/rules/anchor-is-valid.md  jsx-a11y/anchor-is-valid
  Line 16:21:  The href attribute is required for an anchor to be keyboard accessible. Provide a valid, navigable address as the href value. If you cannot provide an href, but still need the element to resemble a link, use a button and change it with appropriate styles. Learn more: https://github.com/jsx-eslint/eslint-plugin-jsx-a11y/blob/HEAD/docs/rules/anchor-is-valid.md  jsx-a11y/anchor-is-valid
  Line 17:21:  The href attribute is required for an anchor to be keyboard accessible. Provide a valid, navigable address as the href value. If you cannot provide an href, but still need the element to resemble a link, use a button and change it with appropriate styles. Learn more: https://github.com/jsx-eslint/eslint-plugin-jsx-a11y/blob/HEAD/docs/rules/anchor-is-valid.md  jsx-a11y/anchor-is-valid
  Line 18:21:  The href attribute is required for an anchor to be keyboard accessible. Provide a valid, navigable address as the href value. If you cannot provide an href, but still need the element to resemble a link, use a button and change it with appropriate styles. Learn more: https://github.com/jsx-eslint/eslint-plugin-jsx-a11y/blob/HEAD/docs/rules/anchor-is-valid.md  jsx-a11y/anchor-is-valid
  Line 19:21:  The href attribute is required for an anchor to be keyboard accessible. Provide a valid, navigable address as the href value. If you cannot provide an href, but still need the element to resemble a link, use a button and change it with appropriate styles. Learn more: https://github.com/jsx-eslint/eslint-plugin-jsx-a11y/blob/HEAD/docs/rules/anchor-is-valid.md  jsx-a11y/anchor-is-valid
  Line 23:21:  The href attribute is required for an anchor to be keyboard accessible. Provide a valid, navigable address as the href value. If you cannot provide an href, but still need the element to resemble a link, use a button and change it with appropriate styles. Learn more: https://github.com/jsx-eslint/eslint-plugin-jsx-a11y/blob/HEAD/docs/rules/anchor-is-valid.md  jsx-a11y/anchor-is-valid
  Line 24:21:  The href attribute is required for an anchor to be keyboard accessible. Provide a valid, navigable address as the href value. If you cannot provide an href, but still need the element to resemble a link, use a button and change it with appropriate styles. Learn more: https://github.com/jsx-eslint/eslint-plugin-jsx-a11y/blob/HEAD/docs/rules/anchor-is-valid.md  jsx-a11y/anchor-is-valid
  Line 25:21:  The href attribute is required for an anchor to be keyboard accessible. Provide a valid, navigable address as the href value. If you cannot provide an href, but still need the element to resemble a link, use a button and change it with appropriate styles. Learn more: https://github.com/jsx-eslint/eslint-plugin-jsx-a11y/blob/HEAD/docs/rules/anchor-is-valid.md  jsx-a11y/anchor-is-valid
  Line 35:25:  The href attribute is required for an anchor to be keyboard accessible. Provide a valid, navigable address as the href value. If you cannot provide an href, but still need the element to resemble a link, use a button and change it with appropriate styles. Learn more: https://github.com/jsx-eslint/eslint-plugin-jsx-a11y/blob/HEAD/docs/rules/anchor-is-valid.md  jsx-a11y/anchor-is-valid
  Line 36:25:  The href attribute is required for an anchor to be keyboard accessible. Provide a valid, navigable address as the href value. If you cannot provide an href, but still need the element to resemble a link, use a button and change it with appropriate styles. Learn more: https://github.com/jsx-eslint/eslint-plugin-jsx-a11y/blob/HEAD/docs/rules/anchor-is-valid.md  jsx-a11y/anchor-is-valid
  Line 37:25:  The href attribute is required for an anchor to be keyboard accessible. Provide a valid, navigable address as the href value. If you cannot provide an href, but still need the element to resemble a link, use a button and change it with appropriate styles. Learn more: https://github.com/jsx-eslint/eslint-plugin-jsx-a11y/blob/HEAD/docs/rules/anchor-is-valid.md  jsx-a11y/anchor-is-valid

src\components\CartTotal.js
  Line 5:10:  'useEffect' is defined but never used         no-unused-vars
  Line 7:8:   'CartPageFaq' is defined but never used       no-unused-vars
  Line 13:9:  'finapPr' is assigned a value but never used  no-unused-vars

src\components\EmptyCart.js
  Line 14:13:  img elements must have an alt prop, either with meaningful text, or an empty string for decorative images  jsx-a11y/alt-text

src\components\FollowONIG.js
  Line 2:8:    'AliceCarousel' is defined but never used                                                                  no-unused-vars
  Line 4:10:   'store' is defined but never used                                                                          no-unused-vars
  Line 23:9:   'responsive' is assigned a value but never used                                                            no-unused-vars
  Line 50:13:  img elements must have an alt prop, either with meaningful text, or an empty string for decorative images  jsx-a11y/alt-text
  Line 54:13:  img elements must have an alt prop, either with meaningful text, or an empty string for decorative images  jsx-a11y/alt-text
  Line 58:13:  img elements must have an alt prop, either with meaningful text, or an empty string for decorative images  jsx-a11y/alt-text
  Line 62:13:  img elements must have an alt prop, either with meaningful text, or an empty string for decorative images  jsx-a11y/alt-text
  Line 66:13:  img elements must have an alt prop, either with meaningful text, or an empty string for decorative images  jsx-a11y/alt-text
  Line 70:13:  img elements must have an alt prop, either with meaningful text, or an empty string for decorative images  jsx-a11y/alt-text
  Line 74:13:  img elements must have an alt prop, either with meaningful text, or an empty string for decorative images  jsx-a11y/alt-text
  Line 78:13:  img elements must have an alt prop, either with meaningful text, or an empty string for decorative images  jsx-a11y/alt-text
  Line 82:13:  img elements must have an alt prop, either with meaningful text, or an empty string for decorative images  jsx-a11y/alt-text
  Line 86:13:  img elements must have an alt prop, either with meaningful text, or an empty string for decorative images  jsx-a11y/alt-text
  Line 90:13:  img elements must have an alt prop, either with meaningful text, or an empty string for decorative images  jsx-a11y/alt-text

src\components\ForHer.js
  Line 7:5:     'BreadcrumbLink' is defined but never used                                                                 no-unused-vars
  Line 8:5:     'BreadcrumbSeparator' is defined but never used                                                            no-unused-vars
  Line 13:8:    'sortBtn' is defined but never used                                                                        no-unused-vars
  Line 19:8:    'Features2' is defined but never used                                                                      no-unused-vars
  Line 41:12:   'lowTOHigh' is assigned a value but never used                                                             no-unused-vars
  Line 41:23:   'SetLowTOHigh' is assigned a value but never used                                                          no-unused-vars
  Line 136:17:  img elements must have an alt prop, either with meaningful text, or an empty string for decorative images  jsx-a11y/alt-text
  Line 159:17:  img elements must have an alt prop, either with meaningful text, or an empty string for decorative images  jsx-a11y/alt-text
  Line 331:21:  img elements must have an alt prop, either with meaningful text, or an empty string for decorative images  jsx-a11y/alt-text

src\components\ForHim.js
  Line 7:5:     'BreadcrumbLink' is defined but never used                                                                 no-unused-vars
  Line 8:5:     'BreadcrumbSeparator' is defined but never used                                                            no-unused-vars
  Line 13:8:    'sortBtn' is defined but never used                                                                        no-unused-vars
  Line 19:8:    'Features2' is defined but never used                                                                      no-unused-vars
  Line 42:12:   'lowTOHigh' is assigned a value but never used                                                             no-unused-vars
  Line 42:23:   'SetLowTOHigh' is assigned a value but never used                                                          no-unused-vars
  Line 134:17:  img elements must have an alt prop, either with meaningful text, or an empty string for decorative images  jsx-a11y/alt-text
  Line 157:17:  img elements must have an alt prop, either with meaningful text, or an empty string for decorative images  jsx-a11y/alt-text
  Line 323:21:  img elements must have an alt prop, either with meaningful text, or an empty string for decorative images  jsx-a11y/alt-text

src\components\GiftSets.js
  Line 34:35:  Array.prototype.map() expects a value to be returned at the end of arrow function  array-callback-return
  Line 35:35:  Expected '===' and instead saw '=='                                                eqeqeq

src\components\HeroCarousel.js
  Line 10:10:  'FaArrowRight' is defined but never used                                                                   no-unused-vars
  Line 30:13:  img elements must have an alt prop, either with meaningful text, or an empty string for decorative images  jsx-a11y/alt-text
  Line 34:13:  img elements must have an alt prop, either with meaningful text, or an empty string for decorative images  jsx-a11y/alt-text
  Line 41:13:  img elements must have an alt prop, either with meaningful text, or an empty string for decorative images  jsx-a11y/alt-text
  Line 45:13:  img elements must have an alt prop, either with meaningful text, or an empty string for decorative images  jsx-a11y/alt-text
  Line 49:13:  img elements must have an alt prop, either with meaningful text, or an empty string for decorative images  jsx-a11y/alt-text
  Line 53:13:  img elements must have an alt prop, either with meaningful text, or an empty string for decorative images  jsx-a11y/alt-text

src\components\HeroSection.js
  Line 22:17:  img elements must have an alt prop, either with meaningful text, or an empty string for decorative images  jsx-a11y/alt-text
  Line 23:17:  img elements must have an alt prop, either with meaningful text, or an empty string for decorative images  jsx-a11y/alt-text
  Line 24:17:  img elements must have an alt prop, either with meaningful text, or an empty string for decorative images  jsx-a11y/alt-text

src\components\Ingridients.js
  Line 18:17:  img elements must have an alt prop, either with meaningful text, or an empty string for decorative images  jsx-a11y/alt-text
  Line 19:17:  img elements must have an alt prop, either with meaningful text, or an empty string for decorative images  jsx-a11y/alt-text
  Line 20:17:  img elements must have an alt prop, either with meaningful text, or an empty string for decorative images  jsx-a11y/alt-text
  Line 21:17:  img elements must have an alt prop, either with meaningful text, or an empty string for decorative images  jsx-a11y/alt-text
  Line 22:17:  img elements must have an alt prop, either with meaningful text, or an empty string for decorative images  jsx-a11y/alt-text
  Line 23:17:  img elements must have an alt prop, either with meaningful text, or an empty string for decorative images  jsx-a11y/alt-text

src\components\JournalPageFooter.js
  Line 10:21:  The href attribute is required for an anchor to be keyboard accessible. Provide a valid, navigable address as the href value. If you cannot provide an href, but still need the element to resemble a link, use a button and change it with appropriate styles. Learn more: https://github.com/jsx-eslint/eslint-plugin-jsx-a11y/blob/HEAD/docs/rules/anchor-is-valid.md  jsx-a11y/anchor-is-valid
  Line 11:21:  The href attribute is required for an anchor to be keyboard accessible. Provide a valid, navigable address as the href value. If you cannot provide an href, but still need the element to resemble a link, use a button and change it with appropriate styles. Learn more: https://github.com/jsx-eslint/eslint-plugin-jsx-a11y/blob/HEAD/docs/rules/anchor-is-valid.md  jsx-a11y/anchor-is-valid
  Line 12:21:  The href attribute is required for an anchor to be keyboard accessible. Provide a valid, navigable address as the href value. If you cannot provide an href, but still need the element to resemble a link, use a button and change it with appropriate styles. Learn more: https://github.com/jsx-eslint/eslint-plugin-jsx-a11y/blob/HEAD/docs/rules/anchor-is-valid.md  jsx-a11y/anchor-is-valid
  Line 13:21:  The href attribute is required for an anchor to be keyboard accessible. Provide a valid, navigable address as the href value. If you cannot provide an href, but still need the element to resemble a link, use a button and change it with appropriate styles. Learn more: https://github.com/jsx-eslint/eslint-plugin-jsx-a11y/blob/HEAD/docs/rules/anchor-is-valid.md  jsx-a11y/anchor-is-valid
  Line 17:21:  The href attribute is required for an anchor to be keyboard accessible. Provide a valid, navigable address as the href value. If you cannot provide an href, but still need the element to resemble a link, use a button and change it with appropriate styles. Learn more: https://github.com/jsx-eslint/eslint-plugin-jsx-a11y/blob/HEAD/docs/rules/anchor-is-valid.md  jsx-a11y/anchor-is-valid
  Line 18:21:  The href attribute is required for an anchor to be keyboard accessible. Provide a valid, navigable address as the href value. If you cannot provide an href, but still need the element to resemble a link, use a button and change it with appropriate styles. Learn more: https://github.com/jsx-eslint/eslint-plugin-jsx-a11y/blob/HEAD/docs/rules/anchor-is-valid.md  jsx-a11y/anchor-is-valid
  Line 19:21:  The href attribute is required for an anchor to be keyboard accessible. Provide a valid, navigable address as the href value. If you cannot provide an href, but still need the element to resemble a link, use a button and change it with appropriate styles. Learn more: https://github.com/jsx-eslint/eslint-plugin-jsx-a11y/blob/HEAD/docs/rules/anchor-is-valid.md  jsx-a11y/anchor-is-valid
  Line 20:21:  The href attribute is required for an anchor to be keyboard accessible. Provide a valid, navigable address as the href value. If you cannot provide an href, but still need the element to resemble a link, use a button and change it with appropriate styles. Learn more: https://github.com/jsx-eslint/eslint-plugin-jsx-a11y/blob/HEAD/docs/rules/anchor-is-valid.md  jsx-a11y/anchor-is-valid
  Line 24:21:  The href attribute is required for an anchor to be keyboard accessible. Provide a valid, navigable address as the href value. If you cannot provide an href, but still need the element to resemble a link, use a button and change it with appropriate styles. Learn more: https://github.com/jsx-eslint/eslint-plugin-jsx-a11y/blob/HEAD/docs/rules/anchor-is-valid.md  jsx-a11y/anchor-is-valid
  Line 25:21:  The href attribute is required for an anchor to be keyboard accessible. Provide a valid, navigable address as the href value. If you cannot provide an href, but still need the element to resemble a link, use a button and change it with appropriate styles. Learn more: https://github.com/jsx-eslint/eslint-plugin-jsx-a11y/blob/HEAD/docs/rules/anchor-is-valid.md  jsx-a11y/anchor-is-valid
  Line 26:21:  The href attribute is required for an anchor to be keyboard accessible. Provide a valid, navigable address as the href value. If you cannot provide an href, but still need the element to resemble a link, use a button and change it with appropriate styles. Learn more: https://github.com/jsx-eslint/eslint-plugin-jsx-a11y/blob/HEAD/docs/rules/anchor-is-valid.md  jsx-a11y/anchor-is-valid
  Line 36:25:  The href attribute is required for an anchor to be keyboard accessible. Provide a valid, navigable address as the href value. If you cannot provide an href, but still need the element to resemble a link, use a button and change it with appropriate styles. Learn more: https://github.com/jsx-eslint/eslint-plugin-jsx-a11y/blob/HEAD/docs/rules/anchor-is-valid.md  jsx-a11y/anchor-is-valid
  Line 37:25:  The href attribute is required for an anchor to be keyboard accessible. Provide a valid, navigable address as the href value. If you cannot provide an href, but still need the element to resemble a link, use a button and change it with appropriate styles. Learn more: https://github.com/jsx-eslint/eslint-plugin-jsx-a11y/blob/HEAD/docs/rules/anchor-is-valid.md  jsx-a11y/anchor-is-valid
  Line 38:25:  The href attribute is required for an anchor to be keyboard accessible. Provide a valid, navigable address as the href value. If you cannot provide an href, but still need the element to resemble a link, use a button and change it with appropriate styles. Learn more: https://github.com/jsx-eslint/eslint-plugin-jsx-a11y/blob/HEAD/docs/rules/anchor-is-valid.md  jsx-a11y/anchor-is-valid

src\components\MobileNav.js
  Line 6:10:   'useState' is defined but never used                                                                       no-unused-vars
  Line 17:25:  img elements must have an alt prop, either with meaningful text, or an empty string for decorative images  jsx-a11y/alt-text

src\components\NavBar.js
  Line 10:10:  'useSelector' is defined but never used                                                                    no-unused-vars
  Line 16:12:  'show4' is assigned a value but never used                                                                 no-unused-vars
  Line 42:11:  'showHandler4' is assigned a value but never used                                                          no-unused-vars
  Line 69:25:  img elements must have an alt prop, either with meaningful text, or an empty string for decorative images  jsx-a11y/alt-text

src\components\OurBestSellers.js
  Line 2:10:  'store' is defined but never used  no-unused-vars

src\components\Review1.js
  Line 16:13:  img elements must have an alt prop, either with meaningful text, or an empty string for decorative images  jsx-a11y/alt-text

src\components\SPFooter.js
  Line 9:21:   The href attribute is required for an anchor to be keyboard accessible. Provide a valid, navigable address as the href value. If you cannot provide an href, but still need the element to resemble a link, use a button and change it with appropriate styles. Learn more: https://github.com/jsx-eslint/eslint-plugin-jsx-a11y/blob/HEAD/docs/rules/anchor-is-valid.md  jsx-a11y/anchor-is-valid
  Line 10:21:  The href attribute is required for an anchor to be keyboard accessible. Provide a valid, navigable address as the href value. If you cannot provide an href, but still need the element to resemble a link, use a button and change it with appropriate styles. Learn more: https://github.com/jsx-eslint/eslint-plugin-jsx-a11y/blob/HEAD/docs/rules/anchor-is-valid.md  jsx-a11y/anchor-is-valid
  Line 11:21:  The href attribute is required for an anchor to be keyboard accessible. Provide a valid, navigable address as the href value. If you cannot provide an href, but still need the element to resemble a link, use a button and change it with appropriate styles. Learn more: https://github.com/jsx-eslint/eslint-plugin-jsx-a11y/blob/HEAD/docs/rules/anchor-is-valid.md  jsx-a11y/anchor-is-valid
  Line 12:21:  The href attribute is required for an anchor to be keyboard accessible. Provide a valid, navigable address as the href value. If you cannot provide an href, but still need the element to resemble a link, use a button and change it with appropriate styles. Learn more: https://github.com/jsx-eslint/eslint-plugin-jsx-a11y/blob/HEAD/docs/rules/anchor-is-valid.md  jsx-a11y/anchor-is-valid
  Line 16:21:  The href attribute is required for an anchor to be keyboard accessible. Provide a valid, navigable address as the href value. If you cannot provide an href, but still need the element to resemble a link, use a button and change it with appropriate styles. Learn more: https://github.com/jsx-eslint/eslint-plugin-jsx-a11y/blob/HEAD/docs/rules/anchor-is-valid.md  jsx-a11y/anchor-is-valid
  Line 17:21:  The href attribute is required for an anchor to be keyboard accessible. Provide a valid, navigable address as the href value. If you cannot provide an href, but still need the element to resemble a link, use a button and change it with appropriate styles. Learn more: https://github.com/jsx-eslint/eslint-plugin-jsx-a11y/blob/HEAD/docs/rules/anchor-is-valid.md  jsx-a11y/anchor-is-valid
  Line 18:21:  The href attribute is required for an anchor to be keyboard accessible. Provide a valid, navigable address as the href value. If you cannot provide an href, but still need the element to resemble a link, use a button and change it with appropriate styles. Learn more: https://github.com/jsx-eslint/eslint-plugin-jsx-a11y/blob/HEAD/docs/rules/anchor-is-valid.md  jsx-a11y/anchor-is-valid
  Line 19:21:  The href attribute is required for an anchor to be keyboard accessible. Provide a valid, navigable address as the href value. If you cannot provide an href, but still need the element to resemble a link, use a button and change it with appropriate styles. Learn more: https://github.com/jsx-eslint/eslint-plugin-jsx-a11y/blob/HEAD/docs/rules/anchor-is-valid.md  jsx-a11y/anchor-is-valid
  Line 23:21:  The href attribute is required for an anchor to be keyboard accessible. Provide a valid, navigable address as the href value. If you cannot provide an href, but still need the element to resemble a link, use a button and change it with appropriate styles. Learn more: https://github.com/jsx-eslint/eslint-plugin-jsx-a11y/blob/HEAD/docs/rules/anchor-is-valid.md  jsx-a11y/anchor-is-valid
  Line 24:21:  The href attribute is required for an anchor to be keyboard accessible. Provide a valid, navigable address as the href value. If you cannot provide an href, but still need the element to resemble a link, use a button and change it with appropriate styles. Learn more: https://github.com/jsx-eslint/eslint-plugin-jsx-a11y/blob/HEAD/docs/rules/anchor-is-valid.md  jsx-a11y/anchor-is-valid
  Line 25:21:  The href attribute is required for an anchor to be keyboard accessible. Provide a valid, navigable address as the href value. If you cannot provide an href, but still need the element to resemble a link, use a button and change it with appropriate styles. Learn more: https://github.com/jsx-eslint/eslint-plugin-jsx-a11y/blob/HEAD/docs/rules/anchor-is-valid.md  jsx-a11y/anchor-is-valid
  Line 35:25:  The href attribute is required for an anchor to be keyboard accessible. Provide a valid, navigable address as the href value. If you cannot provide an href, but still need the element to resemble a link, use a button and change it with appropriate styles. Learn more: https://github.com/jsx-eslint/eslint-plugin-jsx-a11y/blob/HEAD/docs/rules/anchor-is-valid.md  jsx-a11y/anchor-is-valid
  Line 36:25:  The href attribute is required for an anchor to be keyboard accessible. Provide a valid, navigable address as the href value. If you cannot provide an href, but still need the element to resemble a link, use a button and change it with appropriate styles. Learn more: https://github.com/jsx-eslint/eslint-plugin-jsx-a11y/blob/HEAD/docs/rules/anchor-is-valid.md  jsx-a11y/anchor-is-valid
  Line 37:25:  The href attribute is required for an anchor to be keyboard accessible. Provide a valid, navigable address as the href value. If you cannot provide an href, but still need the element to resemble a link, use a button and change it with appropriate styles. Learn more: https://github.com/jsx-eslint/eslint-plugin-jsx-a11y/blob/HEAD/docs/rules/anchor-is-valid.md  jsx-a11y/anchor-is-valid

src\components\SearchBox.js
  Line 4:10:    'AiOutlineSearch' is defined but never used                                           no-unused-vars
  Line 5:10:    'Avatar' is defined but never used                                                    no-unused-vars
  Line 5:18:    'AvatarBadge' is defined but never used                                               no-unused-vars
  Line 5:31:    'AvatarGroup' is defined but never used                                               no-unused-vars
  Line 61:9:    'executeOnClick' is assigned a value but never used                                   no-unused-vars
  Line 479:58:  Array.prototype.filter() expects a value to be returned at the end of arrow function  array-callback-return

src\components\SingleAlsoLike.js
  Line 44:39:  Array.prototype.map() expects a value to be returned at the end of arrow function                          array-callback-return
  Line 45:39:  Expected '===' and instead saw '=='                                                                        eqeqeq
  Line 49:41:  img elements must have an alt prop, either with meaningful text, or an empty string for decorative images  jsx-a11y/alt-text

src\components\SinglePage.js
  Line 7:10:    'Link' is defined but never used                                                                           no-unused-vars
  Line 18:8:    'better' is defined but never used                                                                         no-unused-vars
  Line 25:8:    'Marquee' is defined but never used                                                                        no-unused-vars
  Line 65:7:    'tempImage' is assigned a value but never used                                                             no-unused-vars
  Line 96:31:   img elements must have an alt prop, either with meaningful text, or an empty string for decorative images  jsx-a11y/alt-text
  Line 96:133:  img elements must have an alt prop, either with meaningful text, or an empty string for decorative images  jsx-a11y/alt-text
  Line 103:9:   img elements must have an alt prop, either with meaningful text, or an empty string for decorative images  jsx-a11y/alt-text
  Line 104:9:   img elements must have an alt prop, either with meaningful text, or an empty string for decorative images  jsx-a11y/alt-text
  Line 108:9:   img elements must have an alt prop, either with meaningful text, or an empty string for decorative images  jsx-a11y/alt-text
  Line 109:9:   img elements must have an alt prop, either with meaningful text, or an empty string for decorative images  jsx-a11y/alt-text

src\components\SinglePageFAQ.js
  Line 83:25:  img elements must have an alt prop, either with meaningful text, or an empty string for decorative images  jsx-a11y/alt-text

src\components\Under10.js
  Line 7:5:     'BreadcrumbLink' is defined but never used                                                                 no-unused-vars
  Line 8:5:     'BreadcrumbSeparator' is defined but never used                                                            no-unused-vars
  Line 13:8:    'sortBtn' is defined but never used                                                                        no-unused-vars
  Line 19:8:    'Features2' is defined but never used                                                                      no-unused-vars
  Line 42:12:   'lowTOHigh' is assigned a value but never used                                                             no-unused-vars
  Line 42:23:   'SetLowTOHigh' is assigned a value but never used                                                          no-unused-vars
  Line 142:17:  img elements must have an alt prop, either with meaningful text, or an empty string for decorative images  jsx-a11y/alt-text
  Line 165:17:  img elements must have an alt prop, either with meaningful text, or an empty string for decorative images  jsx-a11y/alt-text
  Line 333:21:  img elements must have an alt prop, either with meaningful text, or an empty string for decorative images  jsx-a11y/alt-text

src\components\Under20.js
  Line 7:5:     'BreadcrumbLink' is defined but never used                                                                 no-unused-vars
  Line 8:5:     'BreadcrumbSeparator' is defined but never used                                                            no-unused-vars
  Line 13:8:    'sortBtn' is defined but never used                                                                        no-unused-vars
  Line 19:8:    'Features2' is defined but never used                                                                      no-unused-vars
  Line 42:12:   'lowTOHigh' is assigned a value but never used                                                             no-unused-vars
  Line 42:23:   'SetLowTOHigh' is assigned a value but never used                                                          no-unused-vars
  Line 135:17:  img elements must have an alt prop, either with meaningful text, or an empty string for decorative images  jsx-a11y/alt-text
  Line 158:17:  img elements must have an alt prop, either with meaningful text, or an empty string for decorative images  jsx-a11y/alt-text
  Line 321:21:  img elements must have an alt prop, either with meaningful text, or an empty string for decorative images  jsx-a11y/alt-text

src\components\YouMayAlsoLike.js
  Line 2:8:    'Slider' is defined but never used                                                                         no-unused-vars
  Line 21:15:  'settings' is assigned a value but never used                                                              no-unused-vars
  Line 47:39:  Array.prototype.map() expects a value to be returned at the end of arrow function                          array-callback-return
  Line 48:39:  Expected '===' and instead saw '=='                                                                        eqeqeq
  Line 51:37:  img elements must have an alt prop, either with meaningful text, or an empty string for decorative images  jsx-a11y/alt-text

Search for the keywords to learn more about each warning.
To ignore, add // eslint-disable-next-line to the line before.

File sizes after gzip:

  176.5 kB  build\static\js\main.3992760b.js
  16.72 kB  build\static\js\240.276ebe80.chunk.js
  15.88 kB  build\static\js\717.f618b733.chunk.js
  15.74 kB  build\static\js\471.24ead048.chunk.js
  13.89 kB  build\static\css\main.2dccd0f3.css
  13.21 kB  build\static\js\769.8a0616c0.chunk.js
  12.62 kB  build\static\js\828.6ffe5f97.chunk.js
  9.37 kB   build\static\js\945.af614c77.chunk.js
  7.98 kB   build\static\js\667.45367ca6.chunk.js
  5.42 kB   build\static\js\176.50598a2e.chunk.js
  5.02 kB   build\static\css\1.5c01bf09.chunk.css
  4.28 kB   build\static\js\896.b09f0a25.chunk.js
  3.45 kB   build\static\js\973.f763cbd1.chunk.js
  2.86 kB   build\static\js\261.f87d06c5.chunk.js
  2.85 kB   build\static\js\659.347d765b.chunk.js
  2.84 kB   build\static\js\144.8dccbac1.chunk.js
  2.84 kB   build\static\js\628.b197e7af.chunk.js
  1.84 kB   build\static\js\132.0847c993.chunk.js
  1.77 kB   build\static\js\787.dba80a51.chunk.js
  1.25 kB   build\static\css\144.bd81c9d2.chunk.css
  1.25 kB   build\static\css\261.bd81c9d2.chunk.css
  1.25 kB   build\static\css\628.bd81c9d2.chunk.css
  1.25 kB   build\static\css\659.bd81c9d2.chunk.css
  1.24 kB   build\static\js\142.da4f46c0.chunk.js
  1.19 kB   build\static\css\667.23aa667b.chunk.css
  1.17 kB   build\static\css\98.55546e6a.chunk.css
  841 B     build\static\js\98.dd2665b4.chunk.js
  837 B     build\static\js\968.839add3b.chunk.js
  834 B     build\static\js\543.91ccc627.chunk.js
  760 B     build\static\js\218.ebd7af3d.chunk.js
  685 B     build\static\js\1.aa5b0875.chunk.js
  631 B     build\static\js\747.dba8407b.chunk.js
  557 B     build\static\js\126.05bafc69.chunk.js
  453 B     build\static\css\973.39871961.chunk.css
  327 B     build\static\css\747.02ae982e.chunk.css
  326 B     build\static\css\543.02ae982e.chunk.css
  324 B     build\static\css\218.9a6f6874.chunk.css
  299 B     build\static\css\968.2d500898.chunk.css
  280 B     build\static\js\788.e3b0081f.chunk.js
  210 B     build\static\css\769.fa19ca98.chunk.css

The project was built assuming it is hosted at /.
You can control this with the homepage field in your package.json.

The build folder is ready to be deployed.
You may serve it with a static server:

  npm install -g serve
  serve -s build

Find out more about deployment here:

  https://cra.link/deployment

